Microchip MPLAB XC8 Compiler V2.00 ()

Linker command line:

-W-3 --edf=C:\Program Files (x86)\Microchip\xc8\v2.00\pic\dat\en_msgs.txt \
  -cs -h+dist/default/production\lab1.X.production.sym \
  --cmf=dist/default/production\lab1.X.production.cmf -z -Q18F47J53 \
  -oC:\Users\luisr\AppData\Local\Temp\sk0.2 --defsym=__MPLAB_BUILD=1 \
  -Mdist/default/production/lab1.X.production.map -E1 -ver=XC8 --acfsm=1493 \
  -ASTACK=0138h-0eafh -pstack=STACK -ACODE=00h-01FFF7h -ACONST=00h-01FFF7h \
  -ASMALLCONST=0F00h-0FFFhx496,01FF00h-01FFF7h \
  -AMEDIUMCONST=0F00h-0FFFFh,010F00h-01FFF7h -ACOMRAM=01h-05Fh \
  -AABS1=00h-0EAFh -ABIGRAM=01h-0EAFh \
  -ARAM=060h-0FFh,0100h-01FFhx13,0E00h-0EAFh -ABANK0=060h-0FFh \
  -ABANK1=0100h-01FFh -ABANK2=0200h-02FFh -ABANK3=0300h-03FFh \
  -ABANK4=0400h-04FFh -ABANK5=0500h-05FFh -ABANK6=0600h-06FFh \
  -ABANK7=0700h-07FFh -ABANK8=0800h-08FFh -ABANK9=0900h-09FFh \
  -ABANK10=0A00h-0AFFh -ABANK11=0B00h-0BFFh -ABANK12=0C00h-0CFFh \
  -ABANK13=0D00h-0DFFh -ABANK14=0E00h-0EAFh \
  -ASFR=0EB0h-0EFFh,0F00h-0F5Fh,0F60h-0FFFh \
  -preset_vec=00h,intcode,intcodelo,powerup,init -pramtop=0F00h \
  -psmallconst=SMALLCONST -pmediumconst=MEDIUMCONST -pconst=CONST \
  -AFARRAM=00h-00h -ACONFIG=01FFF8h-01FFFFh -pconfig=CONFIG \
  -pjflash_buffer=01F800h \
  -prdata=COMRAM,nvrram=COMRAM,nvbit=COMRAM,rbss=COMRAM,rbit=COMRAM \
  -pfarbss=FARRAM,fardata=FARRAM,nvFARRAM=FARRAM \
  -pintsave_regs=BIGRAM,bigbss=BIGRAM,bigdata=BIGRAM -pbss=RAM \
  -pidata=CODE,irdata=CODE,ibigdata=CODE,ifardata=CODE -prparam=COMRAM \
  C:\Users\luisr\AppData\Local\Temp\sk0.o \
  dist/default/production\lab1.X.production.o 

Object code version is 3.11

Machine type is 18F47J53

Call graph: (short form)




                Name                               Link     Load   Length Selector   Space Scale
C:\Users\luisr\AppData\Local\Temp\sk0.o
                init                                  0        0        4        0       0
                config                            1FFF8    1FFF8        8    1FFF8       0
dist/default/production\lab1.X.production.o
                smallconst                          F00      F00       52      780       0
                text25                             217E     217E       20      7A9       0
                text24                             1B20     1B20      126      7A9       0
                text23                             21BC     21BC       16      7A9       0
                text22                             21D2     21D2       14      7A9       0
                text21                             1FC6     1FC6       50      7A9       0
                text20                             2202     2202        A      7A9       0
                text19                             1E3E     1E3E       72      7A9       0
                text18                             21E6     21E6       12      7A9       0
                text17                             2154     2154       2A      7A9       0
                text16                             20E4     20E4       3C      7A9       0
                text15                             1F1A     1F1A       5A      7A9       0
                text14                             15BA     15BA      22A      7A9       0
                text13                             17E4     17E4      1B0      7A9       0
                text12                             1994     1994      18C      7A9       0
                text11                             2062     2062       44      7A9       0
                text10                             219E     219E       1E      7A9       0
                text9                              21F8     21F8        A      7A9       0
                text8                              1D1C     1D1C       AA      7A9       0
                text7                              2016     2016       4C      7A9       0
                text6                              1F74     1F74       52      7A9       0
                text5                              1C46     1C46       D6      7A9       0
                text4                              129C     129C      31E      7A9       0
                text3                               F52      F52      34A      7A9       0
                text2                              1EB0     1EB0       6A      7A9       0
                text1                              2120     2120       34      7A9       0
                text0                              1DC6     1DC6       78      7A9       0
                cstackCOMRAM                          1        1       5F        1       1
                cstackBANK0                          D7       D7       20       60       1
                bssBANK1                            100      100       38      100       1
                dataBANK0                            F7       F7        4       60       1
                bssBANK0                             60       60       77       60       1
                cinit                              20A6     20A6       3E      7A9       0
                idataBANK0                         220C     220C        4      7A9       0

TOTAL           Name                               Link     Load   Length     Space
        CLASS   STACK          

        CLASS   CODE           
                init                                  0        0        4         0
                text25                             217E     217E       20         0
                text24                             1B20     1B20      126         0
                text23                             21BC     21BC       16         0
                text22                             21D2     21D2       14         0
                text21                             1FC6     1FC6       50         0
                text20                             2202     2202        A         0
                text19                             1E3E     1E3E       72         0
                text18                             21E6     21E6       12         0
                text17                             2154     2154       2A         0
                text16                             20E4     20E4       3C         0
                text15                             1F1A     1F1A       5A         0
                text14                             15BA     15BA      22A         0
                text13                             17E4     17E4      1B0         0
                text12                             1994     1994      18C         0
                text11                             2062     2062       44         0
                text10                             219E     219E       1E         0
                text9                              21F8     21F8        A         0
                text8                              1D1C     1D1C       AA         0
                text7                              2016     2016       4C         0
                text6                              1F74     1F74       52         0
                text5                              1C46     1C46       D6         0
                text4                              129C     129C      31E         0
                text3                               F52      F52      34A         0
                text2                              1EB0     1EB0       6A         0
                text1                              2120     2120       34         0
                text0                              1DC6     1DC6       78         0
                cinit                              20A6     20A6       3E         0
                idataBANK0                         220C     220C        4         0

        CLASS   CONST          

        CLASS   SMALLCONST     
                smallconst                          F00      F00       52         0

        CLASS   MEDIUMCONST    

        CLASS   COMRAM         
                cstackCOMRAM                          1        1       5F         1

        CLASS   ABS1           

        CLASS   BIGRAM         

        CLASS   RAM            

        CLASS   BANK0          
                cstackBANK0                          D7       D7       20         1
                dataBANK0                            F7       F7        4         1
                bssBANK0                             60       60       77         1

        CLASS   BANK1          
                bssBANK1                            100      100       38         1

        CLASS   BANK2          

        CLASS   BANK3          

        CLASS   BANK4          

        CLASS   BANK5          

        CLASS   BANK6          

        CLASS   BANK7          

        CLASS   BANK8          

        CLASS   BANK9          

        CLASS   BANK10         

        CLASS   BANK11         

        CLASS   BANK12         

        CLASS   BANK13         

        CLASS   BANK14         

        CLASS   SFR            

        CLASS   FARRAM         

        CLASS   CONFIG         
                config                            1FFF8    1FFF8        8         0

        CLASS   IDLOC          



SEGMENTS        Name                           Load    Length   Top    Selector   Space  Class

                reset_vec                      000000  000004  000004         0       0  CODE    
                cstackCOMRAM                   000001  00005F  000060         1       1  COMRAM  
                bssBANK0                       000060  00009B  0000FB        60       1  BANK0   
                bssBANK1                       000100  000038  000138       100       1  BANK1   
                smallconst                     000F00  000052  000F52       780       0  SMALLCON
                text3                          000F52  0012BE  002210       7A9       0  CODE    
                config                         01FFF8  000008  020000     1FFF8       0  CONFIG  


UNUSED ADDRESS RANGES

        Name                Unused          Largest block    Delta
        BANK0            000FB-000FF               5
        BANK1            00138-001FF              C8
        BANK10           00A00-00AFF             100
        BANK11           00B00-00BFF             100
        BANK12           00C00-00CFF             100
        BANK13           00D00-00DFF             100
        BANK14           00E00-00EAF              B0
        BANK2            00200-002FF             100
        BANK3            00300-003FF             100
        BANK4            00400-004FF             100
        BANK5            00500-005FF             100
        BANK6            00600-006FF             100
        BANK7            00700-007FF             100
        BANK8            00800-008FF             100
        BANK9            00900-009FF             100
        BIGRAM           000FB-000FF               5
                         00138-00EAF             D78
        CODE             00004-00EFF             EFC
                         02210-1FFF7           1DDE8
        CONST            00004-00EFF             EFC
                         02210-1FFF7           1DDE8
        MEDIUMCONST      02210-0FFFF            DDF0
                         10F00-1FFF7            F0F8
        RAM              000FB-000FF               5
                         00138-00EAF             100
        SFR              00EB0-00FFF              60
        SMALLCONST       02210-1FFF7             100
        STACK            00138-00EAF             D78

                                  Symbol Table

?___aodiv                                   cstackCOMRAM  00001
?___aomod                                   cstackCOMRAM  00001
?___wmul                                    cstackCOMRAM  00001
?_abs                                       cstackCOMRAM  00013
?_atoi                                      cstackCOMRAM  00008
?_dtoa                                      cstackCOMRAM  0001E
?_isdigit                                   cstackCOMRAM  00001
?_isspace                                   cstackCOMRAM  00001
?_pad                                       cstackCOMRAM  00013
?_printf                                    cstackBANK0   000D7
?_strlen                                    cstackCOMRAM  00001
?_vfpfcnvrt                                 cstackCOMRAM  00042
?_vfprintf                                  cstackCOMRAM  00056
ConvertBCDToHex@bcdvalue                    cstackCOMRAM  00003
ConvertBCDToHex@hexvalue                    cstackCOMRAM  00002
EUSART2_Write@txData                        cstackCOMRAM  00001
RTCC_TimeGet@currentTime                    cstackCOMRAM  00004
RTCC_TimeGet@register_valueHigh             cstackCOMRAM  00008
RTCC_TimeGet@register_valueLow              cstackCOMRAM  00009
_ALRMRPT                                    (abs)         00F46
_ANCON0                                     (abs)         00F48
_ANCON1                                     (abs)         00F49
_BAUDCON2                                   (abs)         00F7C
_ConvertBCDToHex                            text25        0217E
_EECON1bits                                 (abs)         00FA6
_EECON2                                     (abs)         00FA7
_EUSART2_Initialize                         text23        021BC
_EUSART2_Write                              text10        0219E
_INTCON2bits                                (abs)         00FF1
_INTCONbits                                 (abs)         00FF2
_LATA                                       (abs)         00F89
_LATB                                       (abs)         00F8A
_LATC                                       (abs)         00F8B
_LATD                                       (abs)         00F8C
_LATE                                       (abs)         00F8D
_ODCON1                                     (abs)         00F42
_ODCON2                                     (abs)         00F41
_ODCON3                                     (abs)         00F40
_OSCCON                                     (abs)         00FD3
_OSCCON2                                    (abs)         00F87
_OSCILLATOR_Initialize                      text22        021D2
_OSCTUNE                                    (abs)         00F9B
_PADCFG1                                    (abs)         00F3C
_PIE3bits                                   (abs)         00FA3
_PIN_MANAGER_Initialize                     text21        01FC6
_PIR3bits                                   (abs)         00FA4
_RCREG2                                     (abs)         00FAA
_RCSTA2                                     (abs)         00F9C
_RCSTA2bits                                 (abs)         00F9C
_REFOCON                                    (abs)         00F3D
_RPINR16                                    (abs)         00EF7
_RPOR23                                     (abs)         00ED7
_RTCCAL                                     (abs)         00F3E
_RTCCFG                                     (abs)         00F3F
_RTCCFGbits                                 (abs)         00F3F
_RTCCTimeInitialized                        text20        02202
_RTCC_Initialize                            text19        01E3E
_RTCC_TimeGet                               text24        01B20
_RTCVALH                                    (abs)         00F3B
_RTCVALL                                    (abs)         00F3A
_SPBRG2                                     (abs)         00FAB
_SPBRGH2                                    (abs)         00F7D
_SYSTEM_Initialize                          text18        021E6
_TABLAT                                     (abs)         00FF5
_TBLPTRH                                    (abs)         00FF7
_TBLPTRL                                    (abs)         00FF6
_TBLPTRU                                    (abs)         00FF8
_TRISA                                      (abs)         00F92
_TRISB                                      (abs)         00F93
_TRISC                                      (abs)         00F94
_TRISD                                      (abs)         00F95
_TRISE                                      (abs)         00F96
_TRISEbits                                  (abs)         00F96
_TXREG2                                     (abs)         00FA9
_TXSTA2                                     (abs)         00FA8
_TXSTA2bits                                 (abs)         00FA8
__CFG_ADCSEL$BIT10                          (abs)         00000
__CFG_CFGPLLEN$ON                           (abs)         00000
__CFG_CLKOEC$ON                             (abs)         00000
__CFG_CP0$OFF                               (abs)         00000
__CFG_CPUDIV$OSC1                           (abs)         00000
__CFG_DSBOREN$ON                            (abs)         00000
__CFG_DSWDTEN$ON                            (abs)         00000
__CFG_DSWDTOSC$INTOSCREF                    (abs)         00000
__CFG_DSWDTPS$G2                            (abs)         00000
__CFG_FCMEN$ON                              (abs)         00000
__CFG_IESO$ON                               (abs)         00000
__CFG_IOL1WAY$ON                            (abs)         00000
__CFG_LS48MHZ$SYS48X8                       (abs)         00000
__CFG_MSSP7B_EN$MSK7                        (abs)         00000
__CFG_OSC$INTOSC                            (abs)         00000
__CFG_PLLDIV$1                              (abs)         00000
__CFG_RTCOSC$INTOSCREF                      (abs)         00000
__CFG_SOSCSEL$DIG                           (abs)         00000
__CFG_STVREN$ON                             (abs)         00000
__CFG_WDTEN$OFF                             (abs)         00000
__CFG_WDTPS$32768                           (abs)         00000
__CFG_WPCFG$OFF                             (abs)         00000
__CFG_WPDIS$OFF                             (abs)         00000
__CFG_WPEND$PAGE_WPFP                       (abs)         00000
__CFG_WPFP$PAGE_127                         (abs)         00000
__CFG_XINST$OFF                             (abs)         00000
__HRAM                                      (abs)         00000
__Habs1                                     abs1          00000
__Hbank0                                    bank0         00000
__Hbank1                                    bank1         00000
__Hbank10                                   bank10        00000
__Hbank11                                   bank11        00000
__Hbank12                                   bank12        00000
__Hbank13                                   bank13        00000
__Hbank14                                   bank14        00000
__Hbank2                                    bank2         00000
__Hbank3                                    bank3         00000
__Hbank4                                    bank4         00000
__Hbank5                                    bank5         00000
__Hbank6                                    bank6         00000
__Hbank7                                    bank7         00000
__Hbank8                                    bank8         00000
__Hbank9                                    bank9         00000
__Hbigbss                                   bigbss        00000
__Hbigdata                                  bigdata       00000
__Hbigram                                   bigram        00000
__Hbss                                      bss           00000
__HbssBANK0                                 bssBANK0      00000
__HbssBANK1                                 bssBANK1      00000
__Hcinit                                    cinit         00000
__Hclrtext                                  clrtext       00000
__Hcomram                                   comram        00000
__Hconfig                                   config        20000
__Hconst                                    const         00000
__HcstackBANK0                              cstackBANK0   00000
__HcstackCOMRAM                             cstackCOMRAM  00000
__Hdata                                     data          00000
__HdataBANK0                                dataBANK0     00000
__Hfarbss                                   farbss        00000
__Hfardata                                  fardata       00000
__Hibigdata                                 ibigdata      00000
__Hidata                                    idata         00000
__HidataBANK0                               idataBANK0    00000
__Hidloc                                    idloc         00000
__Hifardata                                 ifardata      00000
__Hinit                                     init          00004
__Hintcode                                  intcode       00000
__Hintcode_body                             intcode_body  00000
__Hintcodelo                                intcodelo     00000
__Hintentry                                 intentry      00000
__Hintret                                   intret        00000
__Hintsave_regs                             intsave_regs  00000
__Hirdata                                   irdata        00000
__Hjflash_buffer                            jflash_buffer 1F800
__Hmediumconst                              mediumconst   00000
__HnvFARRAM                                 nvFARRAM      00000
__Hnvbit                                    nvbit         00000
__Hnvrram                                   nvrram        00000
__Hparam                                    rparam        00000
__Hpowerup                                  powerup       00000
__Hram                                      ram           00000
__Hramtop                                   ramtop        00F00
__Hrbit                                     rbit          00000
__Hrbss                                     rbss          00000
__Hrdata                                    rdata         00000
__Hreset_vec                                reset_vec     00000
__Hrparam                                   rparam        00000
__Hsfr                                      sfr           00000
__Hsmallconst                               smallconst    00F52
__Hspace_0                                  (abs)         20000
__Hspace_1                                  (abs)         00138
__Hspace_2                                  (abs)         00000
__Hstack                                    stack         00000
__Hstruct                                   struct        00000
__Htemp                                     temp          00000
__Htext                                     text          00000
__Htext0                                    text0         00000
__Htext1                                    text1         00000
__Htext10                                   text10        00000
__Htext11                                   text11        00000
__Htext12                                   text12        00000
__Htext13                                   text13        00000
__Htext14                                   text14        00000
__Htext15                                   text15        00000
__Htext16                                   text16        00000
__Htext17                                   text17        00000
__Htext18                                   text18        00000
__Htext19                                   text19        00000
__Htext2                                    text2         00000
__Htext20                                   text20        00000
__Htext21                                   text21        00000
__Htext22                                   text22        00000
__Htext23                                   text23        00000
__Htext24                                   text24        00000
__Htext25                                   text25        00000
__Htext3                                    text3         00000
__Htext4                                    text4         00000
__Htext5                                    text5         00000
__Htext6                                    text6         00000
__Htext7                                    text7         00000
__Htext8                                    text8         00000
__Htext9                                    text9         00000
__LRAM                                      (abs)         00001
__Labs1                                     abs1          00000
__Lbank0                                    bank0         00000
__Lbank1                                    bank1         00000
__Lbank10                                   bank10        00000
__Lbank11                                   bank11        00000
__Lbank12                                   bank12        00000
__Lbank13                                   bank13        00000
__Lbank14                                   bank14        00000
__Lbank2                                    bank2         00000
__Lbank3                                    bank3         00000
__Lbank4                                    bank4         00000
__Lbank5                                    bank5         00000
__Lbank6                                    bank6         00000
__Lbank7                                    bank7         00000
__Lbank8                                    bank8         00000
__Lbank9                                    bank9         00000
__Lbigbss                                   bigbss        00000
__Lbigdata                                  bigdata       00000
__Lbigram                                   bigram        00000
__Lbss                                      bss           00000
__LbssBANK0                                 bssBANK0      00000
__LbssBANK1                                 bssBANK1      00000
__Lcinit                                    cinit         00000
__Lclrtext                                  clrtext       00000
__Lcomram                                   comram        00000
__Lconfig                                   config        1FFF8
__Lconst                                    const         00000
__LcstackBANK0                              cstackBANK0   00000
__LcstackCOMRAM                             cstackCOMRAM  00000
__Ldata                                     data          00000
__LdataBANK0                                dataBANK0     00000
__Lfarbss                                   farbss        00000
__Lfardata                                  fardata       00000
__Libigdata                                 ibigdata      00000
__Lidata                                    idata         00000
__LidataBANK0                               idataBANK0    00000
__Lidloc                                    idloc         00000
__Lifardata                                 ifardata      00000
__Linit                                     init          00000
__Lintcode                                  intcode       00000
__Lintcode_body                             intcode_body  00000
__Lintcodelo                                intcodelo     00000
__Lintentry                                 intentry      00000
__Lintret                                   intret        00000
__Lintsave_regs                             intsave_regs  00000
__Lirdata                                   irdata        00000
__Ljflash_buffer                            jflash_buffer 1F800
__Lmediumconst                              mediumconst   00000
__LnvFARRAM                                 nvFARRAM      00000
__Lnvbit                                    nvbit         00000
__Lnvrram                                   nvrram        00000
__Lparam                                    rparam        00000
__Lpowerup                                  powerup       00000
__Lram                                      ram           00000
__Lramtop                                   ramtop        00F00
__Lrbit                                     rbit          00000
__Lrbss                                     rbss          00000
__Lrdata                                    rdata         00000
__Lreset_vec                                reset_vec     00000
__Lrparam                                   rparam        00000
__Lsfr                                      sfr           00000
__Lsmallconst                               smallconst    00F00
__Lspace_0                                  (abs)         00000
__Lspace_1                                  (abs)         00000
__Lspace_2                                  (abs)         00000
__Lstack                                    stack         00000
__Lstruct                                   struct        00000
__Ltemp                                     temp          00000
__Ltext                                     text          00000
__Ltext0                                    text0         00000
__Ltext1                                    text1         00000
__Ltext10                                   text10        00000
__Ltext11                                   text11        00000
__Ltext12                                   text12        00000
__Ltext13                                   text13        00000
__Ltext14                                   text14        00000
__Ltext15                                   text15        00000
__Ltext16                                   text16        00000
__Ltext17                                   text17        00000
__Ltext18                                   text18        00000
__Ltext19                                   text19        00000
__Ltext2                                    text2         00000
__Ltext20                                   text20        00000
__Ltext21                                   text21        00000
__Ltext22                                   text22        00000
__Ltext23                                   text23        00000
__Ltext24                                   text24        00000
__Ltext25                                   text25        00000
__Ltext3                                    text3         00000
__Ltext4                                    text4         00000
__Ltext5                                    text5         00000
__Ltext6                                    text6         00000
__Ltext7                                    text7         00000
__Ltext8                                    text8         00000
__Ltext9                                    text9         00000
__S0                                        (abs)         20000
__S1                                        (abs)         00138
__S2                                        (abs)         00000
___aodiv                                    text13        017E4
___aodiv@counter                            cstackCOMRAM  00011
___aodiv@dividend                           cstackCOMRAM  00001
___aodiv@divisor                            cstackCOMRAM  00009
___aodiv@quotient                           cstackCOMRAM  00013
___aodiv@sign                               cstackCOMRAM  00012
___aomod                                    text12        01994
___aomod@counter                            cstackCOMRAM  00011
___aomod@dividend                           cstackCOMRAM  00001
___aomod@divisor                            cstackCOMRAM  00009
___aomod@sign                               cstackCOMRAM  00012
___daylight                                 bssBANK0      00088
___inthi_sp                                 stack         00000
___intlo_sp                                 stack         00000
___param_bank                               (abs)         00000
___rparam_used                              (abs)         00001
___sp                                       stack         00000
___timezone                                 bssBANK0      00072
___tzname                                   bssBANK0      0006E
___wmul                                     text17        02154
___wmul@multiplicand                        cstackCOMRAM  00003
___wmul@multiplier                          cstackCOMRAM  00001
___wmul@product                             cstackCOMRAM  00005
__accesstop                                 (abs)         00060
__activetblptr                              (abs)         00003
__end_of_ConvertBCDToHex                    text25        0219E
__end_of_EUSART2_Initialize                 text23        021D2
__end_of_EUSART2_Write                      text10        021BC
__end_of_OSCILLATOR_Initialize              text22        021E6
__end_of_PIN_MANAGER_Initialize             text21        02016
__end_of_RTCCTimeInitialized                text20        0220C
__end_of_RTCC_Initialize                    text19        01EB0
__end_of_RTCC_TimeGet                       text24        01C46
__end_of_SYSTEM_Initialize                  text18        021F8
__end_of___aodiv                            text13        01994
__end_of___aomod                            text12        01B20
__end_of___gmt                              smallconst    00F41
__end_of___month_to_secs@secs_through_month smallconst    00F31
__end_of___secs_to_tm@days_in_month         smallconst    00F3D
__end_of___wmul                             text17        0217E
__end_of__initialization                    cinit         020DE
__end_of_abs                                text11        020A6
__end_of_atoi                               text14        017E4
__end_of_dtoa                               text4         015BA
__end_of_fputc                              text8         01DC6
__end_of_fputs                              text7         02062
__end_of_isdigit                            text16        02120
__end_of_isspace                            text15        01F74
__end_of_main                               text0         01E3E
__end_of_pad                                text5         01D1C
__end_of_printf                             text1         02154
__end_of_putch                              text9         02202
__end_of_strlen                             text6         01FC6
__end_of_vfpfcnvrt                          text3         0129C
__end_of_vfprintf                           text2         01F1A
__initialization                            cinit         020A6
__mediumconst                               mediumconst   00000
__pbssBANK0                                 bssBANK0      00060
__pbssBANK1                                 bssBANK1      00100
__pcinit                                    cinit         020A6
__pcstackBANK0                              cstackBANK0   000D7
__pcstackCOMRAM                             cstackCOMRAM  00001
__pdataBANK0                                dataBANK0     000F7
__pidataBANK0                               idataBANK0    0220C
__psmallconst                               smallconst    00F00
__ptext0                                    text0         01DC6
__ptext1                                    text1         02120
__ptext10                                   text10        0219E
__ptext11                                   text11        02062
__ptext12                                   text12        01994
__ptext13                                   text13        017E4
__ptext14                                   text14        015BA
__ptext15                                   text15        01F1A
__ptext16                                   text16        020E4
__ptext17                                   text17        02154
__ptext18                                   text18        021E6
__ptext19                                   text19        01E3E
__ptext2                                    text2         01EB0
__ptext20                                   text20        02202
__ptext21                                   text21        01FC6
__ptext22                                   text22        021D2
__ptext23                                   text23        021BC
__ptext24                                   text24        01B20
__ptext25                                   text25        0217E
__ptext3                                    text3         00F52
__ptext4                                    text4         0129C
__ptext5                                    text5         01C46
__ptext6                                    text6         01F74
__ptext7                                    text7         02016
__ptext8                                    text8         01D1C
__ptext9                                    text9         021F8
__ramtop                                    ramtop        00F00
__size_of_ConvertBCDToHex                   (abs)         00000
__size_of_EUSART2_Initialize                (abs)         00000
__size_of_EUSART2_Write                     (abs)         00000
__size_of_OSCILLATOR_Initialize             (abs)         00000
__size_of_PIN_MANAGER_Initialize            (abs)         00000
__size_of_RTCCTimeInitialized               (abs)         00000
__size_of_RTCC_Initialize                   (abs)         00000
__size_of_RTCC_TimeGet                      (abs)         00000
__size_of_SYSTEM_Initialize                 (abs)         00000
__size_of___aodiv                           (abs)         00000
__size_of___aomod                           (abs)         00000
__size_of___wmul                            (abs)         00000
__size_of_abs                               (abs)         00000
__size_of_atoi                              (abs)         00000
__size_of_dtoa                              (abs)         00000
__size_of_fputc                             (abs)         00000
__size_of_fputs                             (abs)         00000
__size_of_isdigit                           (abs)         00000
__size_of_isspace                           (abs)         00000
__size_of_main                              (abs)         00000
__size_of_pad                               (abs)         00000
__size_of_printf                            (abs)         00000
__size_of_putch                             (abs)         00000
__size_of_strlen                            (abs)         00000
__size_of_vfpfcnvrt                         (abs)         00000
__size_of_vfprintf                          (abs)         00000
__smallconst                                smallconst    00F00
_abs                                        text11        02062
_atoi                                       text14        015BA
_atoi$1298                                  cstackCOMRAM  00010
_atoi$1299                                  cstackCOMRAM  00014
_atoi$1300                                  cstackCOMRAM  00012
_daylight                                   bssBANK0      00086
_dbuf                                       bssBANK0      00095
_dtoa                                       text4         0129C
_dtoa$826                                   cstackCOMRAM  00030
_errno                                      bssBANK0      0008A
_flags                                      bssBANK0      00092
_fputc                                      text8         01D1C
_fputs                                      text7         02016
_isdigit                                    text16        020E4
_isspace                                    text15        01F1A
_isspace$1407                               cstackCOMRAM  00007
_lock                                       bssBANK0      00066
_main                                       text0         01DC6
_nout                                       bssBANK0      0008C
_pad                                        text5         01C46
_prec                                       bssBANK0      00090
_printf                                     text1         02120
_putch                                      text9         021F8
_rtccTimeInitialized                        bssBANK0      00094
_strlen                                     text6         01F74
_timezone                                   bssBANK0      0006A
_tzname                                     bssBANK0      00060
_vfpfcnvrt                                  text3         00F52
_vfpfcnvrt$841                              cstackCOMRAM  00054
_vfprintf                                   text2         01EB0
_width                                      bssBANK0      0008E
abs@a                                       cstackCOMRAM  00013
atoi@n                                      cstackCOMRAM  00015
atoi@neg                                    cstackCOMRAM  0000E
atoi@s                                      cstackCOMRAM  00008
dtoa@d                                      cstackCOMRAM  00020
dtoa@fp                                     cstackCOMRAM  0001E
dtoa@i                                      cstackCOMRAM  00040
dtoa@n                                      cstackCOMRAM  00038
dtoa@p                                      cstackCOMRAM  00032
dtoa@s                                      cstackCOMRAM  00036
dtoa@w                                      cstackCOMRAM  00034
end_of_initialization                       cinit         020DE
fputc@c                                     cstackCOMRAM  00003
fputc@fp                                    cstackCOMRAM  00005
fputs@c                                     cstackCOMRAM  00010
fputs@fp                                    cstackCOMRAM  0000E
fputs@i                                     cstackCOMRAM  00011
fputs@s                                     cstackCOMRAM  0000C
gmtime@tm                                   bssBANK1      00120
intlevel0                                   text          00000
intlevel1                                   text          00000
intlevel2                                   text          00000
intlevel3                                   text          00000
isdigit@c                                   cstackCOMRAM  00001
isspace@c                                   cstackCOMRAM  00001
main@currentTime                            cstackBANK0   000DF
pad@buf                                     cstackCOMRAM  00015
pad@fp                                      cstackCOMRAM  00013
pad@i                                       cstackCOMRAM  0001A
pad@p                                       cstackCOMRAM  00017
pad@w                                       cstackCOMRAM  0001C
printf@ap                                   cstackBANK0   000DD
printf@fmt                                  cstackBANK0   000D7
printf@ret                                  cstackBANK0   000DB
putch@txData                                cstackCOMRAM  00002
stackhi                                     (abs)         00EAF
stacklo                                     (abs)         00138
start                                       init          00000
start_initialization                        cinit         020A6
strlen@a                                    cstackCOMRAM  00005
strlen@s                                    cstackCOMRAM  00001
vfpfcnvrt@ap                                cstackCOMRAM  00046
vfpfcnvrt@fmt                               cstackCOMRAM  00044
vfpfcnvrt@fp                                cstackCOMRAM  00042
vfpfcnvrt@ll                                cstackCOMRAM  0004C
vfprintf@ap                                 cstackCOMRAM  0005A
vfprintf@cfmt                               cstackCOMRAM  0005C
vfprintf@fmt                                cstackCOMRAM  00058
vfprintf@fp                                 cstackCOMRAM  00056


FUNCTION INFORMATION:

 *************** function _main *****************
 Defined at:
		line 49 in file "main.c"
 Parameters:    Size  Location     Type
		None
 Auto vars:     Size  Location     Type
  currentTime    24    8[BANK0 ] struct tm
  alarmTime      24    0        struct tm
 Return value:  Size  Location     Type
                  1    wreg      void 
 Registers used:
		wreg, fsr1l, fsr1h, fsr2l, fsr2h, status,2, status,0, tblptrl, tblptrh, tblptru, prodl, prodh, cstack
 Tracked objects:
		On entry : 
		On exit  : 
		Unchanged: 
 Data sizes:     COMRAM   BANK0   BANK1   BANK2   BANK3   BANK4   BANK5   BANK6   BANK7   BANK8   BANK9  BANK10  BANK11  BANK12  BANK13  BANK14
      Params:         0       0       0       0       0       0       0       0       0       0       0       0       0       0       0       0
      Locals:         0      24       0       0       0       0       0       0       0       0       0       0       0       0       0       0
      Temps:          2       0       0       0       0       0       0       0       0       0       0       0       0       0       0       0
      Totals:         2      24       0       0       0       0       0       0       0       0       0       0       0       0       0       0
Total ram usage:       26 bytes
 Hardware stack levels required when called:    9
 This function calls:
		_RTCC_TimeGet
		_SYSTEM_Initialize
		_printf
 This function is called by:
		Startup code after reset
 This function uses a non-reentrant model


 *************** function _printf *****************
 Defined at:
		line 5 in file "C:\Program Files (x86)\Microchip\xc8\v2.00\pic\sources\c99\common\printf.c"
 Parameters:    Size  Location     Type
  fmt             2    0[BANK0 ] PTR const unsigned char 
		 -> STR_3(6), STR_2(6), STR_1(10), 
 Auto vars:     Size  Location     Type
  ap              2    6[BANK0 ] PTR void [1]
		 -> ?_printf(2), 
  ret             2    4[BANK0 ] int 
 Return value:  Size  Location     Type
                  2    0[BANK0 ] int 
 Registers used:
		wreg, fsr1l, fsr1h, fsr2l, fsr2h, status,2, status,0, tblptrl, tblptrh, tblptru, prodl, prodh, cstack
 Tracked objects:
		On entry : 
		On exit  : 
		Unchanged: 
 Data sizes:     COMRAM   BANK0   BANK1   BANK2   BANK3   BANK4   BANK5   BANK6   BANK7   BANK8   BANK9  BANK10  BANK11  BANK12  BANK13  BANK14
      Params:         0       4       0       0       0       0       0       0       0       0       0       0       0       0       0       0
      Locals:         0       4       0       0       0       0       0       0       0       0       0       0       0       0       0       0
      Temps:          0       0       0       0       0       0       0       0       0       0       0       0       0       0       0       0
      Totals:         0       8       0       0       0       0       0       0       0       0       0       0       0       0       0       0
Total ram usage:        8 bytes
 Hardware stack levels used:    1
 Hardware stack levels required when called:    8
 This function calls:
		_vfprintf
 This function is called by:
		_main
 This function uses a non-reentrant model


 *************** function _vfprintf *****************
 Defined at:
		line 1368 in file "C:\Program Files (x86)\Microchip\xc8\v2.00\pic\sources\c99\common\doprnt.c"
 Parameters:    Size  Location     Type
  fp              2   85[COMRAM] PTR struct _IO_FILE
		 -> NULL(0), 
  fmt             2   87[COMRAM] PTR const unsigned char 
		 -> STR_3(6), STR_2(6), STR_1(10), 
  ap              2   89[COMRAM] PTR PTR void 
		 -> printf@ap(2), 
 Auto vars:     Size  Location     Type
  cfmt            2   91[COMRAM] PTR unsigned char 
		 -> STR_3(6), STR_2(6), STR_1(10), 
 Return value:  Size  Location     Type
                  2   85[COMRAM] int 
 Registers used:
		wreg, fsr1l, fsr1h, fsr2l, fsr2h, status,2, status,0, tblptrl, tblptrh, tblptru, prodl, prodh, cstack
 Tracked objects:
		On entry : 
		On exit  : 
		Unchanged: 
 Data sizes:     COMRAM   BANK0   BANK1   BANK2   BANK3   BANK4   BANK5   BANK6   BANK7   BANK8   BANK9  BANK10  BANK11  BANK12  BANK13  BANK14
      Params:         6       0       0       0       0       0       0       0       0       0       0       0       0       0       0       0
      Locals:         2       0       0       0       0       0       0       0       0       0       0       0       0       0       0       0
      Temps:          0       0       0       0       0       0       0       0       0       0       0       0       0       0       0       0
      Totals:         8       0       0       0       0       0       0       0       0       0       0       0       0       0       0       0
Total ram usage:        8 bytes
 Hardware stack levels used:    1
 Hardware stack levels required when called:    7
 This function calls:
		_vfpfcnvrt
 This function is called by:
		_printf
 This function uses a non-reentrant model


 *************** function _vfpfcnvrt *****************
 Defined at:
		line 670 in file "C:\Program Files (x86)\Microchip\xc8\v2.00\pic\sources\c99\common\doprnt.c"
 Parameters:    Size  Location     Type
  fp              2   65[COMRAM] PTR struct _IO_FILE
		 -> NULL(0), 
  fmt             2   67[COMRAM] PTR PTR unsigned char 
		 -> vfprintf@cfmt(2), 
  ap              2   69[COMRAM] PTR PTR void 
		 -> printf@ap(2), 
 Auto vars:     Size  Location     Type
  ll              8   75[COMRAM] long long 
  llu             8    0        unsigned long long 
  f               4    0        unsigned long long 
  vp              3    0        PTR void 
  ct              3    0        unsigned char [3]
  cp              3    0        PTR unsigned char 
  i               2    0        int 
  done            2    0        int 
  c               1    0        unsigned char 
 Return value:  Size  Location     Type
                  2   65[COMRAM] int 
 Registers used:
		wreg, fsr1l, fsr1h, fsr2l, fsr2h, status,2, status,0, tblptrl, tblptrh, tblptru, prodl, prodh, cstack
 Tracked objects:
		On entry : 
		On exit  : 
		Unchanged: 
 Data sizes:     COMRAM   BANK0   BANK1   BANK2   BANK3   BANK4   BANK5   BANK6   BANK7   BANK8   BANK9  BANK10  BANK11  BANK12  BANK13  BANK14
      Params:         6       0       0       0       0       0       0       0       0       0       0       0       0       0       0       0
      Locals:        10       0       0       0       0       0       0       0       0       0       0       0       0       0       0       0
      Temps:          4       0       0       0       0       0       0       0       0       0       0       0       0       0       0       0
      Totals:        20       0       0       0       0       0       0       0       0       0       0       0       0       0       0       0
Total ram usage:       20 bytes
 Hardware stack levels used:    1
 Hardware stack levels required when called:    6
 This function calls:
		_atoi
		_dtoa
		_fputc
		_isdigit
 This function is called by:
		_vfprintf
 This function uses a non-reentrant model


 *************** function _dtoa *****************
 Defined at:
		line 274 in file "C:\Program Files (x86)\Microchip\xc8\v2.00\pic\sources\c99\common\doprnt.c"
 Parameters:    Size  Location     Type
  fp              2   29[COMRAM] PTR struct _IO_FILE
		 -> NULL(0), 
  d               8   31[COMRAM] long long 
 Auto vars:     Size  Location     Type
  n               8   55[COMRAM] long long 
  i               2   63[COMRAM] int 
  s               2   53[COMRAM] int 
  w               2   51[COMRAM] int 
  p               2   49[COMRAM] int 
 Return value:  Size  Location     Type
                  2   29[COMRAM] int 
 Registers used:
		wreg, fsr1l, fsr1h, fsr2l, fsr2h, status,2, status,0, cstack
 Tracked objects:
		On entry : 
		On exit  : 
		Unchanged: 
 Data sizes:     COMRAM   BANK0   BANK1   BANK2   BANK3   BANK4   BANK5   BANK6   BANK7   BANK8   BANK9  BANK10  BANK11  BANK12  BANK13  BANK14
      Params:        10       0       0       0       0       0       0       0       0       0       0       0       0       0       0       0
      Locals:        18       0       0       0       0       0       0       0       0       0       0       0       0       0       0       0
      Temps:          8       0       0       0       0       0       0       0       0       0       0       0       0       0       0       0
      Totals:        36       0       0       0       0       0       0       0       0       0       0       0       0       0       0       0
Total ram usage:       36 bytes
 Hardware stack levels used:    1
 Hardware stack levels required when called:    5
 This function calls:
		___aodiv
		___aomod
		_abs
		_pad
 This function is called by:
		_vfpfcnvrt
 This function uses a non-reentrant model


 *************** function _pad *****************
 Defined at:
		line 72 in file "C:\Program Files (x86)\Microchip\xc8\v2.00\pic\sources\c99\common\doprnt.c"
 Parameters:    Size  Location     Type
  fp              2   18[COMRAM] PTR struct _IO_FILE
		 -> NULL(0), 
  buf             2   20[COMRAM] PTR unsigned char 
		 -> dbuf(32), 
  p               2   22[COMRAM] int 
 Auto vars:     Size  Location     Type
  w               2   27[COMRAM] int 
  i               2   25[COMRAM] int 
 Return value:  Size  Location     Type
                  2   18[COMRAM] int 
 Registers used:
		wreg, fsr1l, fsr1h, fsr2l, fsr2h, status,2, status,0, cstack
 Tracked objects:
		On entry : 
		On exit  : 
		Unchanged: 
 Data sizes:     COMRAM   BANK0   BANK1   BANK2   BANK3   BANK4   BANK5   BANK6   BANK7   BANK8   BANK9  BANK10  BANK11  BANK12  BANK13  BANK14
      Params:         6       0       0       0       0       0       0       0       0       0       0       0       0       0       0       0
      Locals:         4       0       0       0       0       0       0       0       0       0       0       0       0       0       0       0
      Temps:          1       0       0       0       0       0       0       0       0       0       0       0       0       0       0       0
      Totals:        11       0       0       0       0       0       0       0       0       0       0       0       0       0       0       0
Total ram usage:       11 bytes
 Hardware stack levels used:    1
 Hardware stack levels required when called:    4
 This function calls:
		_fputc
		_fputs
		_strlen
 This function is called by:
		_dtoa
 This function uses a non-reentrant model


 *************** function _strlen *****************
 Defined at:
		line 12 in file "C:\Program Files (x86)\Microchip\xc8\v2.00\pic\sources\c99\common\strlen.c"
 Parameters:    Size  Location     Type
  s               2    0[COMRAM] PTR const unsigned char 
		 -> dbuf(32), 
 Auto vars:     Size  Location     Type
  a               2    4[COMRAM] PTR const unsigned char 
		 -> dbuf(32), 
 Return value:  Size  Location     Type
                  2    0[COMRAM] unsigned int 
 Registers used:
		wreg, fsr2l, fsr2h, status,2, status,0
 Tracked objects:
		On entry : 
		On exit  : 
		Unchanged: 
 Data sizes:     COMRAM   BANK0   BANK1   BANK2   BANK3   BANK4   BANK5   BANK6   BANK7   BANK8   BANK9  BANK10  BANK11  BANK12  BANK13  BANK14
      Params:         2       0       0       0       0       0       0       0       0       0       0       0       0       0       0       0
      Locals:         2       0       0       0       0       0       0       0       0       0       0       0       0       0       0       0
      Temps:          2       0       0       0       0       0       0       0       0       0       0       0       0       0       0       0
      Totals:         6       0       0       0       0       0       0       0       0       0       0       0       0       0       0       0
Total ram usage:        6 bytes
 Hardware stack levels used:    1
 This function calls:
		Nothing
 This function is called by:
		_pad
 This function uses a non-reentrant model


 *************** function _fputs *****************
 Defined at:
		line 8 in file "C:\Program Files (x86)\Microchip\xc8\v2.00\pic\sources\c99\common\nf_fputs.c"
 Parameters:    Size  Location     Type
  s               2   11[COMRAM] PTR const unsigned char 
		 -> dbuf(32), 
  fp              2   13[COMRAM] PTR struct _IO_FILE
		 -> NULL(0), 
 Auto vars:     Size  Location     Type
  i               2   16[COMRAM] int 
  c               1   15[COMRAM] unsigned char 
 Return value:  Size  Location     Type
                  2   11[COMRAM] int 
 Registers used:
		wreg, fsr1l, fsr1h, fsr2l, fsr2h, status,2, status,0, cstack
 Tracked objects:
		On entry : 
		On exit  : 
		Unchanged: 
 Data sizes:     COMRAM   BANK0   BANK1   BANK2   BANK3   BANK4   BANK5   BANK6   BANK7   BANK8   BANK9  BANK10  BANK11  BANK12  BANK13  BANK14
      Params:         4       0       0       0       0       0       0       0       0       0       0       0       0       0       0       0
      Locals:         3       0       0       0       0       0       0       0       0       0       0       0       0       0       0       0
      Temps:          0       0       0       0       0       0       0       0       0       0       0       0       0       0       0       0
      Totals:         7       0       0       0       0       0       0       0       0       0       0       0       0       0       0       0
Total ram usage:        7 bytes
 Hardware stack levels used:    1
 Hardware stack levels required when called:    3
 This function calls:
		_fputc
 This function is called by:
		_pad
 This function uses a non-reentrant model


 *************** function _fputc *****************
 Defined at:
		line 8 in file "C:\Program Files (x86)\Microchip\xc8\v2.00\pic\sources\c99\common\nf_fputc.c"
 Parameters:    Size  Location     Type
  c               2    2[COMRAM] int 
  fp              2    4[COMRAM] PTR struct _IO_FILE
		 -> NULL(0), 
 Auto vars:     Size  Location     Type
		None
 Return value:  Size  Location     Type
                  2    2[COMRAM] int 
 Registers used:
		wreg, fsr1l, fsr1h, fsr2l, fsr2h, status,2, status,0, cstack
 Tracked objects:
		On entry : 
		On exit  : 
		Unchanged: 
 Data sizes:     COMRAM   BANK0   BANK1   BANK2   BANK3   BANK4   BANK5   BANK6   BANK7   BANK8   BANK9  BANK10  BANK11  BANK12  BANK13  BANK14
      Params:         4       0       0       0       0       0       0       0       0       0       0       0       0       0       0       0
      Locals:         0       0       0       0       0       0       0       0       0       0       0       0       0       0       0       0
      Temps:          5       0       0       0       0       0       0       0       0       0       0       0       0       0       0       0
      Totals:         9       0       0       0       0       0       0       0       0       0       0       0       0       0       0       0
Total ram usage:        9 bytes
 Hardware stack levels used:    1
 Hardware stack levels required when called:    2
 This function calls:
		_putch
 This function is called by:
		_pad
		_vfpfcnvrt
		_fputs
 This function uses a non-reentrant model


 *************** function _putch *****************
 Defined at:
		line 125 in file "mcc_generated_files/eusart2.c"
 Parameters:    Size  Location     Type
  txData          1    wreg     unsigned char 
 Auto vars:     Size  Location     Type
  txData          1    1[COMRAM] unsigned char 
 Return value:  Size  Location     Type
                  1    wreg      void 
 Registers used:
		wreg, status,2, cstack
 Tracked objects:
		On entry : 
		On exit  : 
		Unchanged: 
 Data sizes:     COMRAM   BANK0   BANK1   BANK2   BANK3   BANK4   BANK5   BANK6   BANK7   BANK8   BANK9  BANK10  BANK11  BANK12  BANK13  BANK14
      Params:         0       0       0       0       0       0       0       0       0       0       0       0       0       0       0       0
      Locals:         1       0       0       0       0       0       0       0       0       0       0       0       0       0       0       0
      Temps:          0       0       0       0       0       0       0       0       0       0       0       0       0       0       0       0
      Totals:         1       0       0       0       0       0       0       0       0       0       0       0       0       0       0       0
Total ram usage:        1 bytes
 Hardware stack levels used:    1
 Hardware stack levels required when called:    1
 This function calls:
		_EUSART2_Write
 This function is called by:
		_fputc
 This function uses a non-reentrant model


 *************** function _EUSART2_Write *****************
 Defined at:
		line 111 in file "mcc_generated_files/eusart2.c"
 Parameters:    Size  Location     Type
  txData          1    wreg     unsigned char 
 Auto vars:     Size  Location     Type
  txData          1    0[COMRAM] unsigned char 
 Return value:  Size  Location     Type
                  1    wreg      void 
 Registers used:
		wreg
 Tracked objects:
		On entry : 
		On exit  : 
		Unchanged: 
 Data sizes:     COMRAM   BANK0   BANK1   BANK2   BANK3   BANK4   BANK5   BANK6   BANK7   BANK8   BANK9  BANK10  BANK11  BANK12  BANK13  BANK14
      Params:         0       0       0       0       0       0       0       0       0       0       0       0       0       0       0       0
      Locals:         1       0       0       0       0       0       0       0       0       0       0       0       0       0       0       0
      Temps:          0       0       0       0       0       0       0       0       0       0       0       0       0       0       0       0
      Totals:         1       0       0       0       0       0       0       0       0       0       0       0       0       0       0       0
Total ram usage:        1 bytes
 Hardware stack levels used:    1
 This function calls:
		Nothing
 This function is called by:
		_putch
 This function uses a non-reentrant model


 *************** function _abs *****************
 Defined at:
		line 1 in file "C:\Program Files (x86)\Microchip\xc8\v2.00\pic\sources\c99\common\abs.c"
 Parameters:    Size  Location     Type
  a               2   18[COMRAM] int 
 Auto vars:     Size  Location     Type
		None
 Return value:  Size  Location     Type
                  2   18[COMRAM] int 
 Registers used:
		wreg, status,2, status,0
 Tracked objects:
		On entry : 
		On exit  : 
		Unchanged: 
 Data sizes:     COMRAM   BANK0   BANK1   BANK2   BANK3   BANK4   BANK5   BANK6   BANK7   BANK8   BANK9  BANK10  BANK11  BANK12  BANK13  BANK14
      Params:         2       0       0       0       0       0       0       0       0       0       0       0       0       0       0       0
      Locals:         0       0       0       0       0       0       0       0       0       0       0       0       0       0       0       0
      Temps:          2       0       0       0       0       0       0       0       0       0       0       0       0       0       0       0
      Totals:         4       0       0       0       0       0       0       0       0       0       0       0       0       0       0       0
Total ram usage:        4 bytes
 Hardware stack levels used:    1
 This function calls:
		Nothing
 This function is called by:
		_dtoa
 This function uses a non-reentrant model


 *************** function ___aomod *****************
 Defined at:
		line 9 in file "C:\Program Files (x86)\Microchip\xc8\v2.00\pic\sources\c99\common\aomod.c"
 Parameters:    Size  Location     Type
  dividend        8    0[COMRAM] long long 
  divisor         8    8[COMRAM] long long 
 Auto vars:     Size  Location     Type
  sign            1   17[COMRAM] unsigned char 
  counter         1   16[COMRAM] unsigned char 
 Return value:  Size  Location     Type
                  8    0[COMRAM] long long 
 Registers used:
		wreg, status,2, status,0
 Tracked objects:
		On entry : 
		On exit  : 
		Unchanged: 
 Data sizes:     COMRAM   BANK0   BANK1   BANK2   BANK3   BANK4   BANK5   BANK6   BANK7   BANK8   BANK9  BANK10  BANK11  BANK12  BANK13  BANK14
      Params:        16       0       0       0       0       0       0       0       0       0       0       0       0       0       0       0
      Locals:         2       0       0       0       0       0       0       0       0       0       0       0       0       0       0       0
      Temps:          0       0       0       0       0       0       0       0       0       0       0       0       0       0       0       0
      Totals:        18       0       0       0       0       0       0       0       0       0       0       0       0       0       0       0
Total ram usage:       18 bytes
 Hardware stack levels used:    1
 This function calls:
		Nothing
 This function is called by:
		_dtoa
 This function uses a non-reentrant model


 *************** function ___aodiv *****************
 Defined at:
		line 9 in file "C:\Program Files (x86)\Microchip\xc8\v2.00\pic\sources\c99\common\aodiv.c"
 Parameters:    Size  Location     Type
  dividend        8    0[COMRAM] long long 
  divisor         8    8[COMRAM] long long 
 Auto vars:     Size  Location     Type
  quotient        8   18[COMRAM] long long 
  sign            1   17[COMRAM] unsigned char 
  counter         1   16[COMRAM] unsigned char 
 Return value:  Size  Location     Type
                  8    0[COMRAM] long long 
 Registers used:
		wreg, fsr2l, fsr2h, status,2, status,0
 Tracked objects:
		On entry : 
		On exit  : 
		Unchanged: 
 Data sizes:     COMRAM   BANK0   BANK1   BANK2   BANK3   BANK4   BANK5   BANK6   BANK7   BANK8   BANK9  BANK10  BANK11  BANK12  BANK13  BANK14
      Params:        16       0       0       0       0       0       0       0       0       0       0       0       0       0       0       0
      Locals:        10       0       0       0       0       0       0       0       0       0       0       0       0       0       0       0
      Temps:          0       0       0       0       0       0       0       0       0       0       0       0       0       0       0       0
      Totals:        26       0       0       0       0       0       0       0       0       0       0       0       0       0       0       0
Total ram usage:       26 bytes
 Hardware stack levels used:    1
 This function calls:
		Nothing
 This function is called by:
		_dtoa
 This function uses a non-reentrant model


 *************** function _atoi *****************
 Defined at:
		line 4 in file "C:\Program Files (x86)\Microchip\xc8\v2.00\pic\sources\c99\common\atoi.c"
 Parameters:    Size  Location     Type
  s               2    7[COMRAM] PTR const unsigned char 
		 -> STR_3(6), STR_2(6), STR_1(10), 
 Auto vars:     Size  Location     Type
  n               2   20[COMRAM] int 
  neg             2   13[COMRAM] int 
 Return value:  Size  Location     Type
                  2    7[COMRAM] int 
 Registers used:
		wreg, status,2, status,0, tblptrl, tblptrh, tblptru, prodl, prodh, cstack
 Tracked objects:
		On entry : 
		On exit  : 
		Unchanged: 
 Data sizes:     COMRAM   BANK0   BANK1   BANK2   BANK3   BANK4   BANK5   BANK6   BANK7   BANK8   BANK9  BANK10  BANK11  BANK12  BANK13  BANK14
      Params:         2       0       0       0       0       0       0       0       0       0       0       0       0       0       0       0
      Locals:         9       0       0       0       0       0       0       0       0       0       0       0       0       0       0       0
      Temps:          4       0       0       0       0       0       0       0       0       0       0       0       0       0       0       0
      Totals:        15       0       0       0       0       0       0       0       0       0       0       0       0       0       0       0
Total ram usage:       15 bytes
 Hardware stack levels used:    1
 Hardware stack levels required when called:    1
 This function calls:
		___wmul
		_isdigit
		_isspace
 This function is called by:
		_vfpfcnvrt
 This function uses a non-reentrant model


 *************** function _isspace *****************
 Defined at:
		line 5 in file "C:\Program Files (x86)\Microchip\xc8\v2.00\pic\sources\c99\common\isspace.c"
 Parameters:    Size  Location     Type
  c               2    0[COMRAM] int 
 Auto vars:     Size  Location     Type
		None
 Return value:  Size  Location     Type
                  2    0[COMRAM] int 
 Registers used:
		wreg, status,2, status,0
 Tracked objects:
		On entry : 
		On exit  : 
		Unchanged: 
 Data sizes:     COMRAM   BANK0   BANK1   BANK2   BANK3   BANK4   BANK5   BANK6   BANK7   BANK8   BANK9  BANK10  BANK11  BANK12  BANK13  BANK14
      Params:         2       0       0       0       0       0       0       0       0       0       0       0       0       0       0       0
      Locals:         1       0       0       0       0       0       0       0       0       0       0       0       0       0       0       0
      Temps:          4       0       0       0       0       0       0       0       0       0       0       0       0       0       0       0
      Totals:         7       0       0       0       0       0       0       0       0       0       0       0       0       0       0       0
Total ram usage:        7 bytes
 Hardware stack levels used:    1
 This function calls:
		Nothing
 This function is called by:
		_atoi
 This function uses a non-reentrant model


 *************** function _isdigit *****************
 Defined at:
		line 5 in file "C:\Program Files (x86)\Microchip\xc8\v2.00\pic\sources\c99\common\isdigit.c"
 Parameters:    Size  Location     Type
  c               2    0[COMRAM] int 
 Auto vars:     Size  Location     Type
		None
 Return value:  Size  Location     Type
                  2    0[COMRAM] int 
 Registers used:
		wreg, status,2, status,0
 Tracked objects:
		On entry : 
		On exit  : 
		Unchanged: 
 Data sizes:     COMRAM   BANK0   BANK1   BANK2   BANK3   BANK4   BANK5   BANK6   BANK7   BANK8   BANK9  BANK10  BANK11  BANK12  BANK13  BANK14
      Params:         2       0       0       0       0       0       0       0       0       0       0       0       0       0       0       0
      Locals:         0       0       0       0       0       0       0       0       0       0       0       0       0       0       0       0
      Temps:          4       0       0       0       0       0       0       0       0       0       0       0       0       0       0       0
      Totals:         6       0       0       0       0       0       0       0       0       0       0       0       0       0       0       0
Total ram usage:        6 bytes
 Hardware stack levels used:    1
 This function calls:
		Nothing
 This function is called by:
		_vfpfcnvrt
		_atoi
 This function uses a non-reentrant model


 *************** function ___wmul *****************
 Defined at:
		line 15 in file "C:\Program Files (x86)\Microchip\xc8\v2.00\pic\sources\c99\common\Umul16.c"
 Parameters:    Size  Location     Type
  multiplier      2    0[COMRAM] unsigned int 
  multiplicand    2    2[COMRAM] unsigned int 
 Auto vars:     Size  Location     Type
  product         2    4[COMRAM] unsigned int 
 Return value:  Size  Location     Type
                  2    0[COMRAM] unsigned int 
 Registers used:
		wreg, status,2, status,0, prodl, prodh
 Tracked objects:
		On entry : 
		On exit  : 
		Unchanged: 
 Data sizes:     COMRAM   BANK0   BANK1   BANK2   BANK3   BANK4   BANK5   BANK6   BANK7   BANK8   BANK9  BANK10  BANK11  BANK12  BANK13  BANK14
      Params:         4       0       0       0       0       0       0       0       0       0       0       0       0       0       0       0
      Locals:         2       0       0       0       0       0       0       0       0       0       0       0       0       0       0       0
      Temps:          0       0       0       0       0       0       0       0       0       0       0       0       0       0       0       0
      Totals:         6       0       0       0       0       0       0       0       0       0       0       0       0       0       0       0
Total ram usage:        6 bytes
 Hardware stack levels used:    1
 This function calls:
		Nothing
 This function is called by:
		_atoi
 This function uses a non-reentrant model


 *************** function _SYSTEM_Initialize *****************
 Defined at:
		line 50 in file "mcc_generated_files/mcc.c"
 Parameters:    Size  Location     Type
		None
 Auto vars:     Size  Location     Type
		None
 Return value:  Size  Location     Type
                  1    wreg      void 
 Registers used:
		wreg, status,2, status,0, cstack
 Tracked objects:
		On entry : 
		On exit  : 
		Unchanged: 
 Data sizes:     COMRAM   BANK0   BANK1   BANK2   BANK3   BANK4   BANK5   BANK6   BANK7   BANK8   BANK9  BANK10  BANK11  BANK12  BANK13  BANK14
      Params:         0       0       0       0       0       0       0       0       0       0       0       0       0       0       0       0
      Locals:         0       0       0       0       0       0       0       0       0       0       0       0       0       0       0       0
      Temps:          0       0       0       0       0       0       0       0       0       0       0       0       0       0       0       0
      Totals:         0       0       0       0       0       0       0       0       0       0       0       0       0       0       0       0
Total ram usage:        0 bytes
 Hardware stack levels used:    1
 Hardware stack levels required when called:    2
 This function calls:
		_EUSART2_Initialize
		_OSCILLATOR_Initialize
		_PIN_MANAGER_Initialize
		_RTCC_Initialize
 This function is called by:
		_main
 This function uses a non-reentrant model


 *************** function _RTCC_Initialize *****************
 Defined at:
		line 64 in file "mcc_generated_files/rtcc.c"
 Parameters:    Size  Location     Type
		None
 Auto vars:     Size  Location     Type
		None
 Return value:  Size  Location     Type
                  1    wreg      void 
 Registers used:
		wreg, status,2, status,0, cstack
 Tracked objects:
		On entry : 
		On exit  : 
		Unchanged: 
 Data sizes:     COMRAM   BANK0   BANK1   BANK2   BANK3   BANK4   BANK5   BANK6   BANK7   BANK8   BANK9  BANK10  BANK11  BANK12  BANK13  BANK14
      Params:         0       0       0       0       0       0       0       0       0       0       0       0       0       0       0       0
      Locals:         0       0       0       0       0       0       0       0       0       0       0       0       0       0       0       0
      Temps:          0       0       0       0       0       0       0       0       0       0       0       0       0       0       0       0
      Totals:         0       0       0       0       0       0       0       0       0       0       0       0       0       0       0       0
Total ram usage:        0 bytes
 Hardware stack levels used:    1
 Hardware stack levels required when called:    1
 This function calls:
		_RTCCTimeInitialized
 This function is called by:
		_SYSTEM_Initialize
 This function uses a non-reentrant model


 *************** function _RTCCTimeInitialized *****************
 Defined at:
		line 119 in file "mcc_generated_files/rtcc.c"
 Parameters:    Size  Location     Type
		None
 Auto vars:     Size  Location     Type
		None
 Return value:  Size  Location     Type
                  1    wreg      _Bool 
 Registers used:
		wreg, status,2
 Tracked objects:
		On entry : 
		On exit  : 
		Unchanged: 
 Data sizes:     COMRAM   BANK0   BANK1   BANK2   BANK3   BANK4   BANK5   BANK6   BANK7   BANK8   BANK9  BANK10  BANK11  BANK12  BANK13  BANK14
      Params:         0       0       0       0       0       0       0       0       0       0       0       0       0       0       0       0
      Locals:         0       0       0       0       0       0       0       0       0       0       0       0       0       0       0       0
      Temps:          0       0       0       0       0       0       0       0       0       0       0       0       0       0       0       0
      Totals:         0       0       0       0       0       0       0       0       0       0       0       0       0       0       0       0
Total ram usage:        0 bytes
 Hardware stack levels used:    1
 This function calls:
		Nothing
 This function is called by:
		_RTCC_Initialize
 This function uses a non-reentrant model


 *************** function _PIN_MANAGER_Initialize *****************
 Defined at:
		line 57 in file "mcc_generated_files/pin_manager.c"
 Parameters:    Size  Location     Type
		None
 Auto vars:     Size  Location     Type
		None
 Return value:  Size  Location     Type
                  1    wreg      void 
 Registers used:
		wreg, status,2
 Tracked objects:
		On entry : 
		On exit  : 
		Unchanged: 
 Data sizes:     COMRAM   BANK0   BANK1   BANK2   BANK3   BANK4   BANK5   BANK6   BANK7   BANK8   BANK9  BANK10  BANK11  BANK12  BANK13  BANK14
      Params:         0       0       0       0       0       0       0       0       0       0       0       0       0       0       0       0
      Locals:         0       0       0       0       0       0       0       0       0       0       0       0       0       0       0       0
      Temps:          0       0       0       0       0       0       0       0       0       0       0       0       0       0       0       0
      Totals:         0       0       0       0       0       0       0       0       0       0       0       0       0       0       0       0
Total ram usage:        0 bytes
 Hardware stack levels used:    1
 This function calls:
		Nothing
 This function is called by:
		_SYSTEM_Initialize
 This function uses a non-reentrant model


 *************** function _OSCILLATOR_Initialize *****************
 Defined at:
		line 59 in file "mcc_generated_files/mcc.c"
 Parameters:    Size  Location     Type
		None
 Auto vars:     Size  Location     Type
		None
 Return value:  Size  Location     Type
                  1    wreg      void 
 Registers used:
		wreg, status,2
 Tracked objects:
		On entry : 
		On exit  : 
		Unchanged: 
 Data sizes:     COMRAM   BANK0   BANK1   BANK2   BANK3   BANK4   BANK5   BANK6   BANK7   BANK8   BANK9  BANK10  BANK11  BANK12  BANK13  BANK14
      Params:         0       0       0       0       0       0       0       0       0       0       0       0       0       0       0       0
      Locals:         0       0       0       0       0       0       0       0       0       0       0       0       0       0       0       0
      Temps:          0       0       0       0       0       0       0       0       0       0       0       0       0       0       0       0
      Totals:         0       0       0       0       0       0       0       0       0       0       0       0       0       0       0       0
Total ram usage:        0 bytes
 Hardware stack levels used:    1
 This function calls:
		Nothing
 This function is called by:
		_SYSTEM_Initialize
 This function uses a non-reentrant model


 *************** function _EUSART2_Initialize *****************
 Defined at:
		line 56 in file "mcc_generated_files/eusart2.c"
 Parameters:    Size  Location     Type
		None
 Auto vars:     Size  Location     Type
		None
 Return value:  Size  Location     Type
                  1    wreg      void 
 Registers used:
		wreg, status,2
 Tracked objects:
		On entry : 
		On exit  : 
		Unchanged: 
 Data sizes:     COMRAM   BANK0   BANK1   BANK2   BANK3   BANK4   BANK5   BANK6   BANK7   BANK8   BANK9  BANK10  BANK11  BANK12  BANK13  BANK14
      Params:         0       0       0       0       0       0       0       0       0       0       0       0       0       0       0       0
      Locals:         0       0       0       0       0       0       0       0       0       0       0       0       0       0       0       0
      Temps:          0       0       0       0       0       0       0       0       0       0       0       0       0       0       0       0
      Totals:         0       0       0       0       0       0       0       0       0       0       0       0       0       0       0       0
Total ram usage:        0 bytes
 Hardware stack levels used:    1
 This function calls:
		Nothing
 This function is called by:
		_SYSTEM_Initialize
 This function uses a non-reentrant model


 *************** function _RTCC_TimeGet *****************
 Defined at:
		line 130 in file "mcc_generated_files/rtcc.c"
 Parameters:    Size  Location     Type
  currentTime     2    3[COMRAM] PTR struct tm
		 -> main@currentTime(24), 
 Auto vars:     Size  Location     Type
  register_val    1    8[COMRAM] unsigned char 
  register_val    1    7[COMRAM] unsigned char 
 Return value:  Size  Location     Type
                  1    wreg      _Bool 
 Registers used:
		wreg, fsr2l, fsr2h, status,2, status,0, prodl, prodh, cstack
 Tracked objects:
		On entry : 
		On exit  : 
		Unchanged: 
 Data sizes:     COMRAM   BANK0   BANK1   BANK2   BANK3   BANK4   BANK5   BANK6   BANK7   BANK8   BANK9  BANK10  BANK11  BANK12  BANK13  BANK14
      Params:         2       0       0       0       0       0       0       0       0       0       0       0       0       0       0       0
      Locals:         2       0       0       0       0       0       0       0       0       0       0       0       0       0       0       0
      Temps:          2       0       0       0       0       0       0       0       0       0       0       0       0       0       0       0
      Totals:         6       0       0       0       0       0       0       0       0       0       0       0       0       0       0       0
Total ram usage:        6 bytes
 Hardware stack levels used:    1
 Hardware stack levels required when called:    1
 This function calls:
		_ConvertBCDToHex
 This function is called by:
		_main
 This function uses a non-reentrant model


 *************** function _ConvertBCDToHex *****************
 Defined at:
		line 294 in file "mcc_generated_files/rtcc.c"
 Parameters:    Size  Location     Type
  bcdvalue        1    wreg     unsigned char 
 Auto vars:     Size  Location     Type
  bcdvalue        1    2[COMRAM] unsigned char 
  hexvalue        1    1[COMRAM] unsigned char 
 Return value:  Size  Location     Type
                  1    wreg      unsigned char 
 Registers used:
		wreg, status,2, status,0, prodl, prodh
 Tracked objects:
		On entry : 
		On exit  : 
		Unchanged: 
 Data sizes:     COMRAM   BANK0   BANK1   BANK2   BANK3   BANK4   BANK5   BANK6   BANK7   BANK8   BANK9  BANK10  BANK11  BANK12  BANK13  BANK14
      Params:         0       0       0       0       0       0       0       0       0       0       0       0       0       0       0       0
      Locals:         2       0       0       0       0       0       0       0       0       0       0       0       0       0       0       0
      Temps:          1       0       0       0       0       0       0       0       0       0       0       0       0       0       0       0
      Totals:         3       0       0       0       0       0       0       0       0       0       0       0       0       0       0       0
Total ram usage:        3 bytes
 Hardware stack levels used:    1
 This function calls:
		Nothing
 This function is called by:
		_RTCC_TimeGet
 This function uses a non-reentrant model



MODULE INFORMATION

Module		Function		Class		Link	Load	Size
C:\Program Files (x86)\Microchip\xc8\v2.00\pic\sources\c99\common\isspace.c
		_isspace       		CODE           	1F1A	0000	91

C:\Program Files (x86)\Microchip\xc8\v2.00\pic\sources\c99\common\isspace.c estimated size: 91

C:\Program Files (x86)\Microchip\xc8\v2.00\pic\sources\c99\common\printf.c
		_printf        		CODE           	2120	0000	53

C:\Program Files (x86)\Microchip\xc8\v2.00\pic\sources\c99\common\printf.c estimated size: 53

mcc_generated_files/eusart2.c
		_putch         		CODE           	21F8	0000	11
		_EUSART2_Write 		CODE           	219E	0000	31
		_EUSART2_Initialize		CODE           	21BC	0000	23

mcc_generated_files/eusart2.c estimated size: 65

C:\Program Files (x86)\Microchip\xc8\v2.00\pic\sources\c99\common\aomod.c
		___aomod       		CODE           	1994	0000	397

C:\Program Files (x86)\Microchip\xc8\v2.00\pic\sources\c99\common\aomod.c estimated size: 397

C:\Program Files (x86)\Microchip\xc8\v2.00\pic\sources\c99\common\strlen.c
		_strlen        		CODE           	1F74	0000	83

C:\Program Files (x86)\Microchip\xc8\v2.00\pic\sources\c99\common\strlen.c estimated size: 83

mcc_generated_files/pin_manager.c
		_PIN_MANAGER_Initialize		CODE           	1FC6	0000	81

mcc_generated_files/pin_manager.c estimated size: 81

C:\Program Files (x86)\Microchip\xc8\v2.00\pic\sources\c99\common\nf_fputc.c
		_fputc         		CODE           	1D1C	0000	171

C:\Program Files (x86)\Microchip\xc8\v2.00\pic\sources\c99\common\nf_fputc.c estimated size: 171

C:\Program Files (x86)\Microchip\xc8\v2.00\pic\sources\c99\common\abs.c
		_abs           		CODE           	2062	0000	69

C:\Program Files (x86)\Microchip\xc8\v2.00\pic\sources\c99\common\abs.c estimated size: 69

C:\Program Files (x86)\Microchip\xc8\v2.00\pic\sources\c99\common\aodiv.c
		___aodiv       		CODE           	17E4	0000	433

C:\Program Files (x86)\Microchip\xc8\v2.00\pic\sources\c99\common\aodiv.c estimated size: 433

C:\Program Files (x86)\Microchip\xc8\v2.00\pic\sources\c99\common\isdigit.c
		_isdigit       		CODE           	20E4	0000	61

C:\Program Files (x86)\Microchip\xc8\v2.00\pic\sources\c99\common\isdigit.c estimated size: 61

C:\Program Files (x86)\Microchip\xc8\v2.00\pic\sources\c99\common\doprnt.c
		_vfpfcnvrt     		CODE           	0F52	0000	843
		_pad           		CODE           	1C46	0000	215
		_dtoa          		CODE           	129C	0000	799
		_vfprintf      		CODE           	1EB0	0000	107

C:\Program Files (x86)\Microchip\xc8\v2.00\pic\sources\c99\common\doprnt.c estimated size: 1964

shared
		___secs_to_tm@days_in_month		SMALLCONST     	0000	0000	0
		__initialization		CODE           	20A6	0000	57
		___month_to_secs@secs_through_month		SMALLCONST     	0000	0000	0
		___gmt         		SMALLCONST     	0000	0000	0

shared estimated size: 57

mcc_generated_files/mcc.c
		_OSCILLATOR_Initialize		CODE           	21D2	0000	21
		_SYSTEM_Initialize		CODE           	21E6	0000	19

mcc_generated_files/mcc.c estimated size: 40

C:\Program Files (x86)\Microchip\xc8\v2.00\pic\sources\c99\common\atoi.c
		_atoi          		CODE           	15BA	0000	555

C:\Program Files (x86)\Microchip\xc8\v2.00\pic\sources\c99\common\atoi.c estimated size: 555

mcc_generated_files/rtcc.c
		_ConvertBCDToHex		CODE           	217E	0000	33
		_RTCC_Initialize		CODE           	1E3E	0000	115
		_RTCCTimeInitialized		CODE           	2202	0000	11
		_RTCC_TimeGet  		CODE           	1B20	0000	295

mcc_generated_files/rtcc.c estimated size: 454

C:\Program Files (x86)\Microchip\xc8\v2.00\pic\sources\c99\common\Umul16.c
		___wmul        		CODE           	2154	0000	43

C:\Program Files (x86)\Microchip\xc8\v2.00\pic\sources\c99\common\Umul16.c estimated size: 43

main.c
		_main          		CODE           	1DC6	0000	121

main.c estimated size: 121

C:\Program Files (x86)\Microchip\xc8\v2.00\pic\sources\c99\common\nf_fputs.c
		_fputs         		CODE           	2016	0000	77

C:\Program Files (x86)\Microchip\xc8\v2.00\pic\sources\c99\common\nf_fputs.c estimated size: 77

